// Jest Snapshot v1, https://goo.gl/fbAQLP

exports[`SearchBar tests checked render children component SearchBar should render children component well SearchBar 1`] = `
<div>
  <input
    class="sc-bdvvtL enLUtv"
    placeholder="Search by user name..."
    type="text"
  />
</div>
`;
